// Jest Snapshot v1, https://goo.gl/fbAQLP

exports[`StreamlineIcon.vue Testing Snapshots 1`] = `<span class="Streamline_Icon"><svg viewBox="0 0 24 24" width="24" height="24"><svg><icon-path-stub icon="touch-id-lock,24,24,[object Object],[object Object],[object Object],[object Object],[object Object],[object Object],[object Object],[object Object],[object Object],[object Object],M12,1.753A7.5,7.5,0,0,0,.75,8.25,M15.75,8.25a7.478,7.478,0,0,0-.624-3,M8.25,23.25a7.563,7.563,0,0,0,1.5-.15,M.75,12.75v3a7.5,7.5,0,0,0,4.5,6.876,M12.75,12.75V8.25A4.5,4.5,0,0,0,6,4.352,M3.75,8.25v7.5a4.5,4.5,0,0,0,6,4.244,M6.75,15.75a1.5,1.5,0,0,0,3,0V8.25a1.5,1.5,0,0,0-3,0v3,M14.250 15.750 L23.250 15.750 L23.250 23.250 L14.250 23.250 Z,M18.75,11.25h0a3,3,0,0,0-3,3v1.5h6v-1.5A3,3,0,0,0,18.75,11.25Z,M18.75,19.154a.375.375,0,1,1-.375.375.375.375,0,0,1,.375-.375" index="0" path="M12,1.753A7.5,7.5,0,0,0,.75,8.25" stroke="#000"></icon-path-stub><icon-path-stub icon="touch-id-lock,24,24,[object Object],[object Object],[object Object],[object Object],[object Object],[object Object],[object Object],[object Object],[object Object],[object Object],M12,1.753A7.5,7.5,0,0,0,.75,8.25,M15.75,8.25a7.478,7.478,0,0,0-.624-3,M8.25,23.25a7.563,7.563,0,0,0,1.5-.15,M.75,12.75v3a7.5,7.5,0,0,0,4.5,6.876,M12.75,12.75V8.25A4.5,4.5,0,0,0,6,4.352,M3.75,8.25v7.5a4.5,4.5,0,0,0,6,4.244,M6.75,15.75a1.5,1.5,0,0,0,3,0V8.25a1.5,1.5,0,0,0-3,0v3,M14.250 15.750 L23.250 15.750 L23.250 23.250 L14.250 23.250 Z,M18.75,11.25h0a3,3,0,0,0-3,3v1.5h6v-1.5A3,3,0,0,0,18.75,11.25Z,M18.75,19.154a.375.375,0,1,1-.375.375.375.375,0,0,1,.375-.375" index="1" path="M15.75,8.25a7.478,7.478,0,0,0-.624-3" stroke="#000"></icon-path-stub><icon-path-stub icon="touch-id-lock,24,24,[object Object],[object Object],[object Object],[object Object],[object Object],[object Object],[object Object],[object Object],[object Object],[object Object],M12,1.753A7.5,7.5,0,0,0,.75,8.25,M15.75,8.25a7.478,7.478,0,0,0-.624-3,M8.25,23.25a7.563,7.563,0,0,0,1.5-.15,M.75,12.75v3a7.5,7.5,0,0,0,4.5,6.876,M12.75,12.75V8.25A4.5,4.5,0,0,0,6,4.352,M3.75,8.25v7.5a4.5,4.5,0,0,0,6,4.244,M6.75,15.75a1.5,1.5,0,0,0,3,0V8.25a1.5,1.5,0,0,0-3,0v3,M14.250 15.750 L23.250 15.750 L23.250 23.250 L14.250 23.250 Z,M18.75,11.25h0a3,3,0,0,0-3,3v1.5h6v-1.5A3,3,0,0,0,18.75,11.25Z,M18.75,19.154a.375.375,0,1,1-.375.375.375.375,0,0,1,.375-.375" index="2" path="M8.25,23.25a7.563,7.563,0,0,0,1.5-.15" stroke="#000"></icon-path-stub><icon-path-stub icon="touch-id-lock,24,24,[object Object],[object Object],[object Object],[object Object],[object Object],[object Object],[object Object],[object Object],[object Object],[object Object],M12,1.753A7.5,7.5,0,0,0,.75,8.25,M15.75,8.25a7.478,7.478,0,0,0-.624-3,M8.25,23.25a7.563,7.563,0,0,0,1.5-.15,M.75,12.75v3a7.5,7.5,0,0,0,4.5,6.876,M12.75,12.75V8.25A4.5,4.5,0,0,0,6,4.352,M3.75,8.25v7.5a4.5,4.5,0,0,0,6,4.244,M6.75,15.75a1.5,1.5,0,0,0,3,0V8.25a1.5,1.5,0,0,0-3,0v3,M14.250 15.750 L23.250 15.750 L23.250 23.250 L14.250 23.250 Z,M18.75,11.25h0a3,3,0,0,0-3,3v1.5h6v-1.5A3,3,0,0,0,18.75,11.25Z,M18.75,19.154a.375.375,0,1,1-.375.375.375.375,0,0,1,.375-.375" index="3" path="M.75,12.75v3a7.5,7.5,0,0,0,4.5,6.876" stroke="#000"></icon-path-stub><icon-path-stub icon="touch-id-lock,24,24,[object Object],[object Object],[object Object],[object Object],[object Object],[object Object],[object Object],[object Object],[object Object],[object Object],M12,1.753A7.5,7.5,0,0,0,.75,8.25,M15.75,8.25a7.478,7.478,0,0,0-.624-3,M8.25,23.25a7.563,7.563,0,0,0,1.5-.15,M.75,12.75v3a7.5,7.5,0,0,0,4.5,6.876,M12.75,12.75V8.25A4.5,4.5,0,0,0,6,4.352,M3.75,8.25v7.5a4.5,4.5,0,0,0,6,4.244,M6.75,15.75a1.5,1.5,0,0,0,3,0V8.25a1.5,1.5,0,0,0-3,0v3,M14.250 15.750 L23.250 15.750 L23.250 23.250 L14.250 23.250 Z,M18.75,11.25h0a3,3,0,0,0-3,3v1.5h6v-1.5A3,3,0,0,0,18.75,11.25Z,M18.75,19.154a.375.375,0,1,1-.375.375.375.375,0,0,1,.375-.375" index="4" path="M12.75,12.75V8.25A4.5,4.5,0,0,0,6,4.352" stroke="#000"></icon-path-stub><icon-path-stub icon="touch-id-lock,24,24,[object Object],[object Object],[object Object],[object Object],[object Object],[object Object],[object Object],[object Object],[object Object],[object Object],M12,1.753A7.5,7.5,0,0,0,.75,8.25,M15.75,8.25a7.478,7.478,0,0,0-.624-3,M8.25,23.25a7.563,7.563,0,0,0,1.5-.15,M.75,12.75v3a7.5,7.5,0,0,0,4.5,6.876,M12.75,12.75V8.25A4.5,4.5,0,0,0,6,4.352,M3.75,8.25v7.5a4.5,4.5,0,0,0,6,4.244,M6.75,15.75a1.5,1.5,0,0,0,3,0V8.25a1.5,1.5,0,0,0-3,0v3,M14.250 15.750 L23.250 15.750 L23.250 23.250 L14.250 23.250 Z,M18.75,11.25h0a3,3,0,0,0-3,3v1.5h6v-1.5A3,3,0,0,0,18.75,11.25Z,M18.75,19.154a.375.375,0,1,1-.375.375.375.375,0,0,1,.375-.375" index="5" path="M3.75,8.25v7.5a4.5,4.5,0,0,0,6,4.244" stroke="#000"></icon-path-stub><icon-path-stub icon="touch-id-lock,24,24,[object Object],[object Object],[object Object],[object Object],[object Object],[object Object],[object Object],[object Object],[object Object],[object Object],M12,1.753A7.5,7.5,0,0,0,.75,8.25,M15.75,8.25a7.478,7.478,0,0,0-.624-3,M8.25,23.25a7.563,7.563,0,0,0,1.5-.15,M.75,12.75v3a7.5,7.5,0,0,0,4.5,6.876,M12.75,12.75V8.25A4.5,4.5,0,0,0,6,4.352,M3.75,8.25v7.5a4.5,4.5,0,0,0,6,4.244,M6.75,15.75a1.5,1.5,0,0,0,3,0V8.25a1.5,1.5,0,0,0-3,0v3,M14.250 15.750 L23.250 15.750 L23.250 23.250 L14.250 23.250 Z,M18.75,11.25h0a3,3,0,0,0-3,3v1.5h6v-1.5A3,3,0,0,0,18.75,11.25Z,M18.75,19.154a.375.375,0,1,1-.375.375.375.375,0,0,1,.375-.375" index="6" path="M6.75,15.75a1.5,1.5,0,0,0,3,0V8.25a1.5,1.5,0,0,0-3,0v3" stroke="#000"></icon-path-stub><icon-path-stub icon="touch-id-lock,24,24,[object Object],[object Object],[object Object],[object Object],[object Object],[object Object],[object Object],[object Object],[object Object],[object Object],M12,1.753A7.5,7.5,0,0,0,.75,8.25,M15.75,8.25a7.478,7.478,0,0,0-.624-3,M8.25,23.25a7.563,7.563,0,0,0,1.5-.15,M.75,12.75v3a7.5,7.5,0,0,0,4.5,6.876,M12.75,12.75V8.25A4.5,4.5,0,0,0,6,4.352,M3.75,8.25v7.5a4.5,4.5,0,0,0,6,4.244,M6.75,15.75a1.5,1.5,0,0,0,3,0V8.25a1.5,1.5,0,0,0-3,0v3,M14.250 15.750 L23.250 15.750 L23.250 23.250 L14.250 23.250 Z,M18.75,11.25h0a3,3,0,0,0-3,3v1.5h6v-1.5A3,3,0,0,0,18.75,11.25Z,M18.75,19.154a.375.375,0,1,1-.375.375.375.375,0,0,1,.375-.375" index="7" path="M14.250 15.750 L23.250 15.750 L23.250 23.250 L14.250 23.250 Z" stroke="#000"></icon-path-stub><icon-path-stub icon="touch-id-lock,24,24,[object Object],[object Object],[object Object],[object Object],[object Object],[object Object],[object Object],[object Object],[object Object],[object Object],M12,1.753A7.5,7.5,0,0,0,.75,8.25,M15.75,8.25a7.478,7.478,0,0,0-.624-3,M8.25,23.25a7.563,7.563,0,0,0,1.5-.15,M.75,12.75v3a7.5,7.5,0,0,0,4.5,6.876,M12.75,12.75V8.25A4.5,4.5,0,0,0,6,4.352,M3.75,8.25v7.5a4.5,4.5,0,0,0,6,4.244,M6.75,15.75a1.5,1.5,0,0,0,3,0V8.25a1.5,1.5,0,0,0-3,0v3,M14.250 15.750 L23.250 15.750 L23.250 23.250 L14.250 23.250 Z,M18.75,11.25h0a3,3,0,0,0-3,3v1.5h6v-1.5A3,3,0,0,0,18.75,11.25Z,M18.75,19.154a.375.375,0,1,1-.375.375.375.375,0,0,1,.375-.375" index="8" path="M18.75,11.25h0a3,3,0,0,0-3,3v1.5h6v-1.5A3,3,0,0,0,18.75,11.25Z" stroke="#000"></icon-path-stub><icon-path-stub icon="touch-id-lock,24,24,[object Object],[object Object],[object Object],[object Object],[object Object],[object Object],[object Object],[object Object],[object Object],[object Object],M12,1.753A7.5,7.5,0,0,0,.75,8.25,M15.75,8.25a7.478,7.478,0,0,0-.624-3,M8.25,23.25a7.563,7.563,0,0,0,1.5-.15,M.75,12.75v3a7.5,7.5,0,0,0,4.5,6.876,M12.75,12.75V8.25A4.5,4.5,0,0,0,6,4.352,M3.75,8.25v7.5a4.5,4.5,0,0,0,6,4.244,M6.75,15.75a1.5,1.5,0,0,0,3,0V8.25a1.5,1.5,0,0,0-3,0v3,M14.250 15.750 L23.250 15.750 L23.250 23.250 L14.250 23.250 Z,M18.75,11.25h0a3,3,0,0,0-3,3v1.5h6v-1.5A3,3,0,0,0,18.75,11.25Z,M18.75,19.154a.375.375,0,1,1-.375.375.375.375,0,0,1,.375-.375" index="9" path="M18.75,19.154a.375.375,0,1,1-.375.375.375.375,0,0,1,.375-.375" stroke="#000"></icon-path-stub></svg></svg></span>`;
